// Jest Snapshot v1, https://goo.gl/fbAQLP

exports[`Root should render correctly 1`] = `
<Component
  style={
    Object {
      "alignItems": "center",
      "backgroundColor": "#fff",
      "flex": 1,
      "justifyContent": "center",
    }
  }
>
  <Component>
    Open up App.js to start working on your app!
  </Component>
</Component>
`;
